../Core/Src/main.c:145:5:main	56	static
../Core/Src/main.c:258:6:SystemClock_Config	88	static
../Core/Src/main.c:305:6:MX_CAN1_Init	8	static
../Core/Src/main.c:340:6:MX_I2C1_Init	8	static
../Core/Src/main.c:372:6:MX_USART1_UART_Init	8	static
../Core/Src/main.c:403:6:MX_USART2_UART_Init	8	static
../Core/Src/main.c:434:6:MX_GPIO_Init	16	static
../Core/Src/main.c:450:6:SensorTask	56	static
../Core/Src/main.c:495:6:HAL_CAN_RxFifo0MsgPendingCallback	24	static,ignoring_inline_asm
../Core/Src/main.c:518:6:AlertTask	24	static
../Core/Src/main.c:545:6:GPSTask	40	static
../Core/Src/main.c:573:16:GPS_ParseGGA	216	static
../Core/Src/main.c:597:14:GPS_ToDecimalDegrees	32	static
../Core/Src/main.c:614:6:GSMTask	200	static
../Core/Src/main.c:661:6:TelemetryTask	256	static
../Core/Src/main.c:701:6:HAL_UART_RxCpltCallback	16	static
../Core/Src/main.c:733:6:Error_Handler	4	static,ignoring_inline_asm
