../Core/Src/main.c:107:5:main	2
../Core/Src/main.c:251:6:SystemClock_Config	3
../Core/Src/main.c:298:13:MX_CAN1_Init	2
../Core/Src/main.c:335:13:MX_I2C1_Init	2
../Core/Src/main.c:369:13:MX_USART1_UART_Init	2
../Core/Src/main.c:402:13:MX_USART2_UART_Init	2
../Core/Src/main.c:435:13:MX_GPIO_Init	1
../Core/Src/main.c:451:6:MPU_Task	3
../Core/Src/main.c:493:6:CAN_Task	7
../Core/Src/main.c:563:6:GPS_Task	1
../Core/Src/main.c:572:6:GSM_Task	4
../Core/Src/main.c:600:6:StartDefaultTask	1
../Core/Src/main.c:623:6:HAL_TIM_PeriodElapsedCallback	2
../Core/Src/main.c:641:6:Error_Handler	1
