15:53:12 **** Build of configuration Debug for project project_reciver ****
make -j8 all 
arm-none-eabi-size  project_reciver.elf 
   text	   data	    bss	    dec	    hex	filename
  11016	     12	   1732	  12760	   31d8	project_reciver.elf
Finished building: default.size.stdout
 
15:53:15 **** Incremental Build of configuration Debug for project project_reciver ****
make -j8 all 
arm-none-eabi-size  project_reciver.elf 
   text	   data	    bss	    dec	    hex	filename
  11016	     12	   1732	  12760	   31d8	project_reciver.elf
Finished building: default.size.stdout
 
