06:59:40 **** Incremental Build of configuration Debug for project freeRTOS ****
make -j8 all 
arm-none-eabi-gcc "../Core/Src/gsm.c" -mcpu=cortex-m4 -std=gnu11 -g3 -DDEBUG -DUSE_HAL_DRIVER -DSTM32F407xx -c -I../Core/Inc -I../Drivers/STM32F4xx_HAL_Driver/Inc -I../Drivers/STM32F4xx_HAL_Driver/Inc/Legacy -I../Middlewares/Third_Party/FreeRTOS/Source/include -I../Middlewares/Third_Party/FreeRTOS/Source/CMSIS_RTOS -I../Middlewares/Third_Party/FreeRTOS/Source/portable/GCC/ARM_CM4F -I../Drivers/CMSIS/Device/ST/STM32F4xx/Include -I../Drivers/CMSIS/Include -O0 -ffunction-sections -fdata-sections -Wall -fstack-usage -fcyclomatic-complexity -MMD -MP -MF"Core/Src/gsm.d" -MT"Core/Src/gsm.o" --specs=nano.specs -mfpu=fpv4-sp-d16 -mfloat-abi=hard -mthumb -o "Core/Src/gsm.o"
arm-none-eabi-gcc -o "freeRTOS.elf" @"objects.list"   -mcpu=cortex-m4 -T"/home/sunbeam/ESD-Project/RTOS/freeRTOS/STM32F407VGTX_FLASH.ld" --specs=nosys.specs -Wl,-Map="freeRTOS.map" -Wl,--gc-sections -static --specs=nano.specs -mfpu=fpv4-sp-d16 -mfloat-abi=hard -mthumb -Wl,--start-group -lc -lm -Wl,--end-group
Finished building target: freeRTOS.elf
 
arm-none-eabi-size  freeRTOS.elf 
arm-none-eabi-objdump -h -S freeRTOS.elf  > "freeRTOS.list"
   text	   data	    bss	    dec	    hex	filename
  50220	    472	  18992	  69684	  11034	freeRTOS.elf
Finished building: default.size.stdout
 
Finished building: freeRTOS.list
 

06:59:40 Build Finished. 0 errors, 0 warnings. (took 377ms)

